[DEBUG] Terminal initialized successfully
[DEBUG] Connecting to server...
[DEBUG] Connected to server
[DEBUG] Client token: 0
[DEBUG] Terminal initialized successfully
[DEBUG] Connecting to server...
[DEBUG] Connected to server
[DEBUG] Client token: 1
[DEBUG] Terminal initialized successfully
[DEBUG] Connecting to server...
[DEBUG] Connected to server
[DEBUG] Client token: 2
[DEBUG] Server response: Enter your username: SUCCESS: Username accepted.
[DEBUG] Transitioning to chat state
[DEBUG] Spawning client handler task for token 0
[DEBUG] Received from server for token 0: SERVER: Foobar has joined the chat!
[DEBUG] Buffered message from SERVER: Foobar has joined the chat!
[DEBUG] Server response: Enter your username: SUCCESS: Username accepted.
[DEBUG] Transitioning to chat state
[DEBUG] Received from server for token 0: SERVER: Johny95 has joined the chat![DEBUG] Spawning client handler task for token 2

[DEBUG] Received from server for token 2: SERVER: Foobar has joined the chat!
[DEBUG] Received from server for token 2: SERVER: Johny95 has joined the chat!
[DEBUG] Buffered message from SERVER: Johny95 has joined the chat!
[DEBUG] Buffered message from SERVER: Foobar has joined the chat!
[DEBUG] Buffered message from SERVER: Johny95 has joined the chat!
[DEBUG] Server response: Enter your username: SUCCESS: Username accepted.
[DEBUG] Transitioning to chat state
[DEBUG] Spawning client handler task for token 1[DEBUG] Received from server for token 2: SERVER: Ella has joined the chat!
[DEBUG] Received from server for token 0: SERVER: Ella has joined the chat!
[DEBUG] Received from server for token 1: SERVER: Foobar has joined the chat!

[DEBUG] Received from server for token 1: SERVER: Johny95 has joined the chat!
[DEBUG] Received from server for token 1: SERVER: Ella has joined the chat!
[DEBUG] Buffered message from SERVER: Ella has joined the chat!
[DEBUG] Buffered message from SERVER: Ella has joined the chat!
[DEBUG] Buffered message from SERVER: Foobar has joined the chat!
[DEBUG] Buffered message from SERVER: Johny95 has joined the chat!
[DEBUG] Buffered message from SERVER: Ella has joined the chat!
[DEBUG] Received from server for token 0: Ella: Hiii @Johny95[DEBUG] Received from server for token 1: Ella: Hiii @Johny95

[DEBUG] Received from server for token 2: Ella: Hiii @Johny95
[DEBUG] Buffered message from Ella: Hiii @Johny95
[DEBUG] Buffered message from Ella: Hiii @Johny95
[DEBUG] Buffered message from Ella: Hiii @Johny95
[DEBUG] Received from server for token 2: Johny95: WAZAAAAAAAAAAAP XD @Ella[DEBUG] Received from server for token 0: Johny95: WAZAAAAAAAAAAAP XD @Ella

[DEBUG] Received from server for token 1: Johny95: WAZAAAAAAAAAAAP XD @Ella
[DEBUG] Buffered message from Johny95: WAZAAAAAAAAAAAP XD @Ella[DEBUG] Buffered message from Johny95: WAZAAAAAAAAAAAP XD @Ella

[DEBUG] Buffered message from Johny95: WAZAAAAAAAAAAAP XD @Ella
[DEBUG] Received from server for token 0: Foobar: Hi @all !!![DEBUG] Received from server for token 1: Foobar: Hi @all !!!

[DEBUG] Received from server for token 2: Foobar: Hi @all !!!
[DEBUG] Buffered message from Foobar: Hi @all !!!
[DEBUG] Buffered message from Foobar: Hi @all !!!
[DEBUG] Buffered message from Foobar: Hi @all !!!
[DEBUG] Received from server for token 0: USERLIST: Johny95, Ella, Foobar
[DEBUG] Received from server for token 1: Ella: What are you planning on Sunday @Foobar ?[DEBUG] Received from server for token 2: Ella: What are you planning on Sunday @Foobar ?[DEBUG] Received from server for token 0: Ella: What are you planning on Sunday @Foobar ?


[DEBUG] Buffered message from Ella: What are you planning on Sunday @Foobar ?[DEBUG] Buffered message from Ella: What are you planning on Sunday @Foobar ?

[DEBUG] Buffered message from Ella: What are you planning on Sunday @Foobar ?
[DEBUG] Received from server for token 0: Johny95: Did anyone see that new movie on Netflix?[DEBUG] Received from server for token 2: Johny95: Did anyone see that new movie on Netflix?

[DEBUG] Received from server for token 1: Johny95: Did anyone see that new movie on Netflix?
[DEBUG] Buffered message from Johny95: Did anyone see that new movie on Netflix?
[DEBUG] Buffered message from Johny95: Did anyone see that new movie on Netflix?
[DEBUG] Buffered message from Johny95: Did anyone see that new movie on Netflix?
[DEBUG] Cleaning up terminal
[DEBUG] Received from server for token 2: SERVER: Foobar has left the chat![DEBUG] Received from server for token 1: SERVER: Foobar has left the chat!

[DEBUG] Buffered message from SERVER: Foobar has left the chat!
[DEBUG] Buffered message from SERVER: Foobar has left the chat!
[DEBUG] Received from server for token 2: SERVER: USERLIST: Johny95, Ella[DEBUG] Received from server for token 1: SERVER: USERLIST: Johny95, Ella

[DEBUG] Buffered message from SERVER: USERLIST: Johny95, Ella
[DEBUG] Buffered message from SERVER: USERLIST: Johny95, Ella
[DEBUG] Terminal initialized successfully
[DEBUG] Connecting to server...
[DEBUG] Connected to server
[DEBUG] Client token: 3
[DEBUG] Server response: Enter your username: SUCCESS: Username accepted.
[DEBUG] Transitioning to chat state
[DEBUG] Received from server for token 2: SERVER: Nobody11 has joined the chat![DEBUG] Received from server for token 1: SERVER: Nobody11 has joined the chat![DEBUG] Spawning client handler task for token 3


[DEBUG] Received from server for token 3: SERVER: Nobody11 has joined the chat!
[DEBUG] Buffered message from SERVER: Nobody11 has joined the chat!
[DEBUG] Buffered message from SERVER: Nobody11 has joined the chat!
[DEBUG] Buffered message from SERVER: Nobody11 has joined the chat!
[DEBUG] Received from server for token 2: [DEBUG] Received from server for token 1: [DEBUG] Received from server for token 3: 


[DEBUG] Received from server for token 2: [DEBUG] Received from server for token 1: 
[DEBUG] Received from server for token 3: 
[DEBUG] Received from server for token 2: 
[DEBUG] Received from server for token 1: 
[DEBUG] Received from server for token 3: 
[DEBUG] Received from server for token 2: 
[DEBUG] Received from server for token 1: 
[DEBUG] Received from server for token 3: 
[DEBUG] Received from server for token 2: 
[DEBUG] Received from server for token 1: 
[DEBUG] Received from server for token 3: 
[DEBUG] Received from server for token 2: 
[DEBUG] Received from server for token 1: 
[DEBUG] Received from server for token 3: 
[DEBUG] Received from server for token 2: 
[DEBUG] Received from server for token 1: 
[DEBUG] Received from server for token 3: 
[DEBUG] Received from server for token 2: 
[DEBUG] Received from server for token 1: 
[DEBUG] Received from server for token 3: 
[DEBUG] Received from server for token 2: 
[DEBUG] Received from server for token 1: 
[DEBUG] Received from server for token 3: 
[DEBUG] Received from server for token 2: 
[DEBUG] Received from server for token 1: 
[DEBUG] Received from server for token 3: 
[DEBUG] Received from server for token 2: 
[DEBUG] Received from server for token 1: 
[DEBUG] Received from server for token 3: 
[DEBUG] Received from server for token 2: 
[DEBUG] Received from server for token 1: 
[DEBUG] Received from server for token 3: 
[DEBUG] Received from server for token 2: 
[DEBUG] Received from server for token 1: 
[DEBUG] Received from server for token 3: 
[DEBUG] Received from server for token 2: 
[DEBUG] Received from server for token 1: 
[DEBUG] Received from server for token 3: 
[DEBUG] Received from server for token 2: 
[DEBUG] Received from server for token 1: 
[DEBUG] Received from server for token 3: 
[DEBUG] Received from server for token 2: 
[DEBUG] Received from server for token 1: 
[DEBUG] Received from server for token 3: 
[DEBUG] Received from server for token 2: 
[DEBUG] Received from server for token 1: 
[DEBUG] Received from server for token 3: 
[DEBUG] Received from server for token 2: 
[DEBUG] Received from server for token 1: 
[DEBUG] Received from server for token 3: 
[DEBUG] Received from server for token 2: 
[DEBUG] Received from server for token 1: 
[DEBUG] Received from server for token 3: 
[DEBUG] Received from server for token 2: 
[DEBUG] Received from server for token 1: 
[DEBUG] Received from server for token 3: 
[DEBUG] Received from server for token 2: 
[DEBUG] Received from server for token 1: 

[DEBUG] Received from server for token 3: [DEBUG] Received from server for token 2: 
[DEBUG] Received from server for token 1: 

[DEBUG] Received from server for token 3: [DEBUG] Received from server for token 2: 
[DEBUG] Received from server for token 1: 

[DEBUG] Received from server for token 3: [DEBUG] Received from server for token 2: 
[DEBUG] Received from server for token 1: 

[DEBUG] Received from server for token 3: [DEBUG] Received from server for token 2: 
[DEBUG] Received from server for token 1: 

[DEBUG] Received from server for token 3: [DEBUG] Received from server for token 2: 
[DEBUG] Received from server for token 1: 

[DEBUG] Received from server for token 3: [DEBUG] Received from server for token 2: 
[DEBUG] Received from server for token 1: 

[DEBUG] Received from server for token 3: [DEBUG] Received from server for token 2: 
[DEBUG] Received from server for token 1: 

[DEBUG] Received from server for token 3: [DEBUG] Received from server for token 2: 
[DEBUG] Received from server for token 1: 

[DEBUG] Received from server for token 3: [DEBUG] Received from server for token 2: 
[DEBUG] Received from server for token 1: 

[DEBUG] Received from server for token 3: [DEBUG] Received from server for token 2: 
[DEBUG] Received from server for token 1: 

[DEBUG] Received from server for token 3: [DEBUG] Received from server for token 2: 
[DEBUG] Received from server for token 1: 

[DEBUG] Received from server for token 3: [DEBUG] Received from server for token 2: 
[DEBUG] Received from server for token 1: 

[DEBUG] Received from server for token 3: [DEBUG] Received from server for token 2: 
[DEBUG] Received from server for token 1: 

[DEBUG] Received from server for token 3: [DEBUG] Received from server for token 2: 
[DEBUG] Received from server for token 1: 

[DEBUG] Received from server for token 3: [DEBUG] Received from server for token 2: 
[DEBUG] Received from server for token 1: 

[DEBUG] Received from server for token 3: [DEBUG] Received from server for token 2: 
[DEBUG] Received from server for token 1: 

[DEBUG] Received from server for token 3: [DEBUG] Received from server for token 2: 
[DEBUG] Received from server for token 1: 

[DEBUG] Received from server for token 3: [DEBUG] Received from server for token 2: 
[DEBUG] Received from server for token 1: 

[DEBUG] Received from server for token 3: [DEBUG] Received from server for token 2: 
[DEBUG] Received from server for token 1: 

[DEBUG] Received from server for token 3: [DEBUG] Received from server for token 2: 
[DEBUG] Received from server for token 1: 

[DEBUG] Received from server for token 3: [DEBUG] Received from server for token 2: 
[DEBUG] Received from server for token 1: 

[DEBUG] Received from server for token 3: [DEBUG] Received from server for token 2: 
[DEBUG] Received from server for token 1: 

[DEBUG] Received from server for token 3: [DEBUG] Received from server for token 2: 
[DEBUG] Received from server for token 1: 

[DEBUG] Received from server for token 3: [DEBUG] Received from server for token 2: 
[DEBUG] Received from server for token 1: 

[DEBUG] Received from server for token 3: [DEBUG] Received from server for token 2: 
[DEBUG] Received from server for token 1: 

[DEBUG] Received from server for token 3: [DEBUG] Received from server for token 2: 
[DEBUG] Received from server for token 1: 

[DEBUG] Received from server for token 3: [DEBUG] Received from server for token 2: 
[DEBUG] Received from server for token 1: 

[DEBUG] Received from server for token 3: [DEBUG] Received from server for token 2: 
[DEBUG] Received from server for token 1: 

[DEBUG] Received from server for token 3: [DEBUG] Received from server for token 2: 
[DEBUG] Received from server for token 1: 

[DEBUG] Received from server for token 3: [DEBUG] Received from server for token 2: 
[DEBUG] Received from server for token 1: 

[DEBUG] Received from server for token 3: [DEBUG] Received from server for token 2: 
[DEBUG] Received from server for token 1: 
[DEBUG] Received from server for token 3: 

[DEBUG] Received from server for token 2: [DEBUG] Received from server for token 1: 
[DEBUG] Received from server for token 3: 

[DEBUG] Received from server for token 2: [DEBUG] Received from server for token 1: 
[DEBUG] Received from server for token 3: 

[DEBUG] Received from server for token 2: [DEBUG] Received from server for token 1: 
[DEBUG] Received from server for token 3: 

[DEBUG] Received from server for token 2: [DEBUG] Received from server for token 1: 
[DEBUG] Received from server for token 3: 

[DEBUG] Received from server for token 2: [DEBUG] Received from server for token 1: 
[DEBUG] Received from server for token 3: 

[DEBUG] Received from server for token 2: [DEBUG] Received from server for token 1: 
[DEBUG] Received from server for token 3: 

[DEBUG] Received from server for token 2: [DEBUG] Received from server for token 1: 
[DEBUG] Received from server for token 3: 

[DEBUG] Received from server for token 2: [DEBUG] Received from server for token 1: 
[DEBUG] Received from server for token 3: 

[DEBUG] Received from server for token 2: [DEBUG] Received from server for token 1: 
[DEBUG] Received from server for token 3: 

[DEBUG] Received from server for token 2: [DEBUG] Received from server for token 1: 
[DEBUG] Received from server for token 3: 

[DEBUG] Received from server for token 2: [DEBUG] Received from server for token 1: 
[DEBUG] Received from server for token 3: 

[DEBUG] Received from server for token 2: [DEBUG] Received from server for token 1: 
[DEBUG] Received from server for token 3: 

[DEBUG] Received from server for token 2: [DEBUG] Received from server for token 3: [DEBUG] Received from server for token 1: 


[DEBUG] Received from server for token 2: [DEBUG] Received from server for token 3: [DEBUG] Received from server for token 1: 


[DEBUG] Received from server for token 2: [DEBUG] Received from server for token 3: [DEBUG] Received from server for token 1: 


[DEBUG] Received from server for token 2: [DEBUG] Received from server for token 3: [DEBUG] Received from server for token 1: 


[DEBUG] Received from server for token 2: [DEBUG] Received from server for token 3: [DEBUG] Received from server for token 1: 


[DEBUG] Received from server for token 2: [DEBUG] Received from server for token 3: [DEBUG] Received from server for token 1: 


[DEBUG] Received from server for token 2: [DEBUG] Received from server for token 3: [DEBUG] Received from server for token 1: 


[DEBUG] Received from server for token 2: [DEBUG] Received from server for token 3: [DEBUG] Received from server for token 1: 


[DEBUG] Received from server for token 2: [DEBUG] Received from server for token 3: [DEBUG] Received from server for token 1: 


[DEBUG] Received from server for token 2: [DEBUG] Received from server for token 3: [DEBUG] Received from server for token 1: 


[DEBUG] Received from server for token 2: [DEBUG] Received from server for token 3: 
[DEBUG] Received from server for token 1: 

[DEBUG] Received from server for token 2: [DEBUG] Received from server for token 3: 
[DEBUG] Received from server for token 1: 

[DEBUG] Received from server for token 2: [DEBUG] Received from server for token 3: 
[DEBUG] Received from server for token 1: 

[DEBUG] Received from server for token 2: [DEBUG] Received from server for token 3: 
[DEBUG] Received from server for token 1: 

[DEBUG] Received from server for token 2: [DEBUG] Received from server for token 3: 
[DEBUG] Received from server for token 1: 

[DEBUG] Received from server for token 2: [DEBUG] Received from server for token 3: 
[DEBUG] Received from server for token 1: 

[DEBUG] Received from server for token 2: [DEBUG] Received from server for token 3: 
[DEBUG] Received from server for token 1: 

[DEBUG] Received from server for token 2: [DEBUG] Received from server for token 3: 
[DEBUG] Received from server for token 1: 

[DEBUG] Received from server for token 2: [DEBUG] Received from server for token 3: 
[DEBUG] Received from server for token 1: 

[DEBUG] Received from server for token 2: [DEBUG] Received from server for token 3: [DEBUG] Received from server for token 1: 


[DEBUG] Received from server for token 2: [DEBUG] Received from server for token 3: [DEBUG] Received from server for token 1: 


[DEBUG] Received from server for token 2: [DEBUG] Received from server for token 3: [DEBUG] Received from server for token 1: 


[DEBUG] Received from server for token 2: [DEBUG] Received from server for token 3: [DEBUG] Received from server for token 1: 


[DEBUG] Received from server for token 2: [DEBUG] Received from server for token 3: [DEBUG] Received from server for token 1: 


[DEBUG] Received from server for token 2: [DEBUG] Received from server for token 3: [DEBUG] Received from server for token 1: 


[DEBUG] Received from server for token 2: [DEBUG] Received from server for token 3: [DEBUG] Received from server for token 1: 


[DEBUG] Received from server for token 2: [DEBUG] Received from server for token 3: [DEBUG] Received from server for token 1: 


[DEBUG] Received from server for token 2: [DEBUG] Received from server for token 3: [DEBUG] Received from server for token 1: 


[DEBUG] Received from server for token 2: [DEBUG] Received from server for token 3: [DEBUG] Received from server for token 1: 


[DEBUG] Received from server for token 2: [DEBUG] Received from server for token 3: [DEBUG] Received from server for token 1: 


[DEBUG] Received from server for token 2: [DEBUG] Received from server for token 3: [DEBUG] Received from server for token 1: 


[DEBUG] Received from server for token 2: [DEBUG] Received from server for token 3: [DEBUG] Received from server for token 1: 


[DEBUG] Received from server for token 2: [DEBUG] Received from server for token 3: [DEBUG] Received from server for token 1: 


[DEBUG] Received from server for token 2: [DEBUG] Received from server for token 3: [DEBUG] Received from server for token 1: 


[DEBUG] Received from server for token 2: [DEBUG] Received from server for token 3: [DEBUG] Received from server for token 1: 


[DEBUG] Received from server for token 2: [DEBUG] Received from server for token 3: [DEBUG] Received from server for token 1: 


[DEBUG] Received from server for token 2: [DEBUG] Received from server for token 3: [DEBUG] Received from server for token 1: 


[DEBUG] Received from server for token 2: [DEBUG] Received from server for token 3: [DEBUG] Received from server for token 1: 


[DEBUG] Received from server for token 2: [DEBUG] Received from server for token 3: [DEBUG] Received from server for token 1: 


[DEBUG] Received from server for token 2: [DEBUG] Received from server for token 3: [DEBUG] Received from server for token 1: 


[DEBUG] Received from server for token 2: [DEBUG] Received from server for token 3: [DEBUG] Received from server for token 1: 


[DEBUG] Received from server for token 2: [DEBUG] Received from server for token 3: [DEBUG] Received from server for token 1: 


[DEBUG] Received from server for token 2: [DEBUG] Received from server for token 3: [DEBUG] Received from server for token 1: 


[DEBUG] Received from server for token 2: [DEBUG] Received from server for token 3: [DEBUG] Received from server for token 1: 


[DEBUG] Received from server for token 2: [DEBUG] Received from server for token 3: [DEBUG] Received from server for token 1: 


[DEBUG] Received from server for token 2: [DEBUG] Received from server for token 3: [DEBUG] Received from server for token 1: 


[DEBUG] Received from server for token 2: [DEBUG] Received from server for token 3: [DEBUG] Received from server for token 1: 


[DEBUG] Received from server for token 2: [DEBUG] Received from server for token 3: [DEBUG] Received from server for token 1: 


[DEBUG] Received from server for token 2: [DEBUG] Received from server for token 3: [DEBUG] Received from server for token 1: 


[DEBUG] Received from server for token 2: [DEBUG] Received from server for token 3: [DEBUG] Received from server for token 1: 


[DEBUG] Received from server for token 2: [DEBUG] Received from server for token 3: [DEBUG] Received from server for token 1: 


[DEBUG] Received from server for token 2: [DEBUG] Received from server for token 3: [DEBUG] Received from server for token 1: 


[DEBUG] Received from server for token 2: [DEBUG] Received from server for token 3: [DEBUG] Received from server for token 1: 


[DEBUG] Received from server for token 2: [DEBUG] Received from server for token 3: [DEBUG] Received from server for token 1: 


[DEBUG] Received from server for token 2: [DEBUG] Received from server for token 3: [DEBUG] Received from server for token 1: 


[DEBUG] Received from server for token 2: [DEBUG] Received from server for token 3: [DEBUG] Received from server for token 1: 


[DEBUG] Received from server for token 2: [DEBUG] Received from server for token 3: [DEBUG] Received from server for token 1: 


[DEBUG] Received from server for token 2: [DEBUG] Received from server for token 3: [DEBUG] Received from server for token 1: 


[DEBUG] Received from server for token 2: [DEBUG] Received from server for token 3: [DEBUG] Received from server for token 1: 


[DEBUG] Received from server for token 2: [DEBUG] Received from server for token 3: [DEBUG] Received from server for token 1: 


[DEBUG] Received from server for token 2: [DEBUG] Received from server for token 3: [DEBUG] Received from server for token 1: 


[DEBUG] Received from server for token 2: [DEBUG] Received from server for token 3: [DEBUG] Received from server for token 1: 


[DEBUG] Received from server for token 2: [DEBUG] Received from server for token 3: [DEBUG] Received from server for token 1: 


[DEBUG] Received from server for token 2: [DEBUG] Received from server for token 3: [DEBUG] Received from server for token 1: 


[DEBUG] Received from server for token 1: [DEBUG] Received from server for token 2: [DEBUG] Received from server for token 3: 


[DEBUG] Received from server for token 1: [DEBUG] Received from server for token 2: [DEBUG] Received from server for token 3: 


[DEBUG] Received from server for token 1: [DEBUG] Received from server for token 2: [DEBUG] Received from server for token 3: 


[DEBUG] Received from server for token 1: [DEBUG] Received from server for token 2: [DEBUG] Received from server for token 3: 


[DEBUG] Received from server for token 2: [DEBUG] Received from server for token 1: [DEBUG] Received from server for token 3: 


[DEBUG] Received from server for token 2: [DEBUG] Received from server for token 3: [DEBUG] Received from server for token 1: 


[DEBUG] Received from server for token 3: [DEBUG] Received from server for token 2: 

[DEBUG] Received from server for token 1: [DEBUG] Received from server for token 3: [DEBUG] Received from server for token 2: 


[DEBUG] Received from server for token 3: [DEBUG] Received from server for token 2: [DEBUG] Received from server for token 1: 


[DEBUG] Received from server for token 3: [DEBUG] Received from server for token 2: 

[DEBUG] Received from server for token 1: [DEBUG] Received from server for token 3: [DEBUG] Received from server for token 2: 


[DEBUG] Received from server for token 3: 
[DEBUG] Received from server for token 2: [DEBUG] Received from server for token 1: [DEBUG] Received from server for token 3: 


[DEBUG] Received from server for token 2: [DEBUG] Received from server for token 1: [DEBUG] Received from server for token 3: 


[DEBUG] Received from server for token 2: [DEBUG] Received from server for token 1: [DEBUG] Received from server for token 3: 


[DEBUG] Received from server for token 2: [DEBUG] Received from server for token 1: [DEBUG] Received from server for token 3: 


[DEBUG] Received from server for token 2: [DEBUG] Received from server for token 1: [DEBUG] Received from server for token 3: 


[DEBUG] Received from server for token 2: [DEBUG] Received from server for token 1: [DEBUG] Received from server for token 3: 


[DEBUG] Received from server for token 2: [DEBUG] Received from server for token 1: [DEBUG] Received from server for token 3: 


[DEBUG] Received from server for token 2: [DEBUG] Received from server for token 1: [DEBUG] Received from server for token 3: 


[DEBUG] Received from server for token 2: [DEBUG] Received from server for token 1: [DEBUG] Received from server for token 3: 


[DEBUG] Received from server for token 2: [DEBUG] Received from server for token 1: [DEBUG] Received from server for token 3: 


[DEBUG] Received from server for token 2: [DEBUG] Received from server for token 3: 
[DEBUG] Received from server for token 1: 
[DEBUG] Received from server for token 2: 
[DEBUG] Received from server for token 3: 

[DEBUG] Received from server for token 1: [DEBUG] Received from server for token 2: [DEBUG] Received from server for token 3: 


[DEBUG] Received from server for token 3: [DEBUG] Received from server for token 1: [DEBUG] Received from server for token 2: 


[DEBUG] Received from server for token 3: 
[DEBUG] Received from server for token 1: [DEBUG] Received from server for token 2: [DEBUG] Received from server for token 3: 


[DEBUG] Received from server for token 2: [DEBUG] Received from server for token 3: [DEBUG] Received from server for token 1: 


[DEBUG] Received from server for token 2: [DEBUG] Received from server for token 3: 

[DEBUG] Received from server for token 1: [DEBUG] Received from server for token 2: [DEBUG] Received from server for token 3: 


[DEBUG] Received from server for token 1: [DEBUG] Received from server for token 2: [DEBUG] Received from server for token 3: 


[DEBUG] Received from server for token 2: [DEBUG] Received from server for token 3: [DEBUG] Received from server for token 1: 


[DEBUG] Received from server for token 2: [DEBUG] Received from server for token 3: 
[DEBUG] Received from server for token 1: 
[DEBUG] Received from server for token 2: 
[DEBUG] Received from server for token 3: 

[DEBUG] Received from server for token 1: [DEBUG] Received from server for token 2: [DEBUG] Received from server for token 3: 


[DEBUG] Received from server for token 1: [DEBUG] Received from server for token 2: [DEBUG] Received from server for token 3: 


[DEBUG] Received from server for token 3: [DEBUG] Received from server for token 1: [DEBUG] Received from server for token 2: 


[DEBUG] Received from server for token 3: [DEBUG] Received from server for token 2: 
[DEBUG] Received from server for token 1: 
[DEBUG] Received from server for token 3: 
[DEBUG] Received from server for token 2: 

[DEBUG] Received from server for token 1: [DEBUG] Received from server for token 3: 
[DEBUG] Received from server for token 2: 
[DEBUG] Received from server for token 1: 
[DEBUG] Received from server for token 3: 

[DEBUG] Received from server for token 2: [DEBUG] Received from server for token 1: [DEBUG] Received from server for token 3: 


[DEBUG] Received from server for token 2: [DEBUG] Received from server for token 1: [DEBUG] Received from server for token 3: 


[DEBUG] Received from server for token 2: [DEBUG] Received from server for token 1: [DEBUG] Received from server for token 3: 


[DEBUG] Received from server for token 2: [DEBUG] Received from server for token 1: [DEBUG] Received from server for token 3: 


[DEBUG] Received from server for token 2: [DEBUG] Received from server for token 1: [DEBUG] Received from server for token 3: 


[DEBUG] Received from server for token 2: [DEBUG] Received from server for token 1: [DEBUG] Received from server for token 3: 


[DEBUG] Received from server for token 2: [DEBUG] Received from server for token 1: [DEBUG] Received from server for token 3: 


[DEBUG] Received from server for token 2: [DEBUG] Received from server for token 1: [DEBUG] Received from server for token 3: 


[DEBUG] Received from server for token 2: [DEBUG] Received from server for token 1: [DEBUG] Received from server for token 3: 


[DEBUG] Received from server for token 2: [DEBUG] Received from server for token 1: [DEBUG] Received from server for token 3: 


[DEBUG] Received from server for token 2: [DEBUG] Received from server for token 3: [DEBUG] Received from server for token 1: 


[DEBUG] Received from server for token 2: [DEBUG] Received from server for token 3: [DEBUG] Received from server for token 1: 


[DEBUG] Received from server for token 2: [DEBUG] Received from server for token 3: [DEBUG] Received from server for token 1: 


[DEBUG] Received from server for token 2: [DEBUG] Received from server for token 3: [DEBUG] Received from server for token 1: 


[DEBUG] Received from server for token 2: [DEBUG] Received from server for token 3: [DEBUG] Received from server for token 1: 


[DEBUG] Received from server for token 2: [DEBUG] Received from server for token 3: [DEBUG] Received from server for token 1: 


[DEBUG] Received from server for token 2: [DEBUG] Received from server for token 3: [DEBUG] Received from server for token 1: 


[DEBUG] Received from server for token 2: [DEBUG] Received from server for token 3: [DEBUG] Received from server for token 1: 


[DEBUG] Received from server for token 2: [DEBUG] Received from server for token 3: [DEBUG] Received from server for token 1: 


[DEBUG] Received from server for token 2: [DEBUG] Received from server for token 3: [DEBUG] Received from server for token 1: 


[DEBUG] Received from server for token 2: [DEBUG] Received from server for token 3: [DEBUG] Received from server for token 1: 


[DEBUG] Received from server for token 2: [DEBUG] Received from server for token 3: [DEBUG] Received from server for token 1: 


[DEBUG] Received from server for token 2: [DEBUG] Received from server for token 1: 

[DEBUG] Received from server for token 3: [DEBUG] Received from server for token 2: 
[DEBUG] Received from server for token 1: 

[DEBUG] Received from server for token 3: [DEBUG] Received from server for token 2: 
[DEBUG] Received from server for token 1: 

[DEBUG] Received from server for token 3: 
[DEBUG] Received from server for token 1: 
[DEBUG] Received from server for token 3: [DEBUG] Received from server for token 2: [DEBUG] Received from server for token 1: 


[DEBUG] Received from server for token 3: [DEBUG] Received from server for token 2: [DEBUG] Received from server for token 1: 


[DEBUG] Received from server for token 3: [DEBUG] Received from server for token 2: [DEBUG] Received from server for token 1: 


[DEBUG] Received from server for token 3: [DEBUG] Received from server for token 2: [DEBUG] Received from server for token 1: 


[DEBUG] Received from server for token 3: [DEBUG] Received from server for token 2: 

[DEBUG] Received from server for token 1: [DEBUG] Received from server for token 3: [DEBUG] Received from server for token 2: 


[DEBUG] Received from server for token 1: [DEBUG] Received from server for token 3: [DEBUG] Received from server for token 2: 


[DEBUG] Received from server for token 1: [DEBUG] Received from server for token 3: [DEBUG] Received from server for token 2: 


[DEBUG] Received from server for token 1: [DEBUG] Received from server for token 3: [DEBUG] Received from server for token 2: 


[DEBUG] Received from server for token 1: [DEBUG] Received from server for token 3: [DEBUG] Received from server for token 2: 


[DEBUG] Received from server for token 1: [DEBUG] Received from server for token 3: [DEBUG] Received from server for token 2: 


[DEBUG] Received from server for token 1: [DEBUG] Received from server for token 3: [DEBUG] Received from server for token 2: 


[DEBUG] Received from server for token 1: [DEBUG] Received from server for token 3: [DEBUG] Received from server for token 2: 


[DEBUG] Received from server for token 1: [DEBUG] Received from server for token 3: [DEBUG] Received from server for token 2: 


[DEBUG] Received from server for token 1: [DEBUG] Received from server for token 3: [DEBUG] Received from server for token 2: 


[DEBUG] Received from server for token 1: [DEBUG] Received from server for token 3: [DEBUG] Received from server for token 2: 


[DEBUG] Received from server for token 1: [DEBUG] Received from server for token 3: [DEBUG] Received from server for token 2: 


[DEBUG] Received from server for token 1: [DEBUG] Received from server for token 3: [DEBUG] Received from server for token 2: 


[DEBUG] Received from server for token 1: [DEBUG] Received from server for token 3: [DEBUG] Received from server for token 2: 


[DEBUG] Received from server for token 1: [DEBUG] Received from server for token 3: [DEBUG] Received from server for token 2: 


[DEBUG] Received from server for token 1: [DEBUG] Received from server for token 3: [DEBUG] Received from server for token 2: 


[DEBUG] Received from server for token 1: [DEBUG] Received from server for token 3: [DEBUG] Received from server for token 2: 


[DEBUG] Received from server for token 1: [DEBUG] Received from server for token 3: [DEBUG] Received from server for token 2: 


[DEBUG] Received from server for token 1: [DEBUG] Received from server for token 3: [DEBUG] Received from server for token 2: 


[DEBUG] Received from server for token 3: [DEBUG] Received from server for token 1: [DEBUG] Received from server for token 2: 


[DEBUG] Received from server for token 3: [DEBUG] Received from server for token 1: [DEBUG] Received from server for token 2: 


[DEBUG] Received from server for token 3: [DEBUG] Received from server for token 1: [DEBUG] Received from server for token 2: 


[DEBUG] Received from server for token 3: [DEBUG] Received from server for token 1: [DEBUG] Received from server for token 2: 


[DEBUG] Received from server for token 3: [DEBUG] Received from server for token 1: [DEBUG] Received from server for token 2: 


[DEBUG] Received from server for token 3: [DEBUG] Received from server for token 1: [DEBUG] Received from server for token 2: 


[DEBUG] Received from server for token 3: [DEBUG] Received from server for token 1: [DEBUG] Received from server for token 2: 


[DEBUG] Received from server for token 3: [DEBUG] Received from server for token 1: [DEBUG] Received from server for token 2: 


[DEBUG] Received from server for token 3: [DEBUG] Received from server for token 1: [DEBUG] Received from server for token 2: 


[DEBUG] Received from server for token 3: [DEBUG] Received from server for token 1: [DEBUG] Received from server for token 2: 


[DEBUG] Received from server for token 3: [DEBUG] Received from server for token 1: [DEBUG] Received from server for token 2: 


[DEBUG] Received from server for token 3: [DEBUG] Received from server for token 1: [DEBUG] Received from server for token 2: 


[DEBUG] Received from server for token 3: [DEBUG] Received from server for token 2: 
[DEBUG] Received from server for token 1: 
[DEBUG] Received from server for token 3: 
[DEBUG] Received from server for token 2: 

[DEBUG] Received from server for token 1: [DEBUG] Received from server for token 3: [DEBUG] Received from server for token 2: 


[DEBUG] Received from server for token 3: [DEBUG] Received from server for token 2: [DEBUG] Received from server for token 1: 


[DEBUG] Received from server for token 3: [DEBUG] Received from server for token 2: 
[DEBUG] Received from server for token 1: 
[DEBUG] Received from server for token 3: 
[DEBUG] Received from server for token 2: 

[DEBUG] Received from server for token 1: [DEBUG] Received from server for token 3: [DEBUG] Received from server for token 2: 


[DEBUG] Received from server for token 1: [DEBUG] Received from server for token 3: [DEBUG] Received from server for token 2: 


[DEBUG] Received from server for token 3: [DEBUG] Received from server for token 1: [DEBUG] Received from server for token 2: 


[DEBUG] Received from server for token 3: [DEBUG] Received from server for token 2: 
[DEBUG] Received from server for token 1: 
[DEBUG] Received from server for token 3: 
[DEBUG] Received from server for token 2: 

[DEBUG] Received from server for token 1: [DEBUG] Received from server for token 3: [DEBUG] Received from server for token 2: 


[DEBUG] Received from server for token 1: [DEBUG] Received from server for token 3: [DEBUG] Received from server for token 2: 


[DEBUG] Received from server for token 3: [DEBUG] Received from server for token 1: 
[DEBUG] Received from server for token 2: 

[DEBUG] Received from server for token 3: [DEBUG] Received from server for token 1: [DEBUG] Received from server for token 2: 


[DEBUG] Received from server for token 3: [DEBUG] Received from server for token 1: [DEBUG] Received from server for token 2: 


[DEBUG] Received from server for token 3: [DEBUG] Received from server for token 1: [DEBUG] Received from server for token 2: 


[DEBUG] Received from server for token 3: [DEBUG] Received from server for token 1: [DEBUG] Received from server for token 2: 


[DEBUG] Received from server for token 3: [DEBUG] Received from server for token 1: [DEBUG] Received from server for token 2: 


[DEBUG] Received from server for token 3: [DEBUG] Received from server for token 1: [DEBUG] Received from server for token 2: 


[DEBUG] Received from server for token 3: [DEBUG] Received from server for token 1: [DEBUG] Received from server for token 2: 


[DEBUG] Received from server for token 3: [DEBUG] Received from server for token 1: [DEBUG] Received from server for token 2: 


[DEBUG] Received from server for token 3: [DEBUG] Received from server for token 1: [DEBUG] Received from server for token 2: 


[DEBUG] Received from server for token 3: [DEBUG] Received from server for token 2: [DEBUG] Received from server for token 1: 


[DEBUG] Received from server for token 3: [DEBUG] Received from server for token 2: 

[DEBUG] Received from server for token 1: [DEBUG] Received from server for token 2: 
[DEBUG] Received from server for token 3: 

[DEBUG] Received from server for token 1: [DEBUG] Received from server for token 2: 
[DEBUG] Received from server for token 3: 

[DEBUG] Received from server for token 1: [DEBUG] Received from server for token 2: [DEBUG] Received from server for token 3: 


[DEBUG] Received from server for token 1: [DEBUG] Received from server for token 3: 

[DEBUG] Received from server for token 2: [DEBUG] Received from server for token 1: 
[DEBUG] Received from server for token 3: 

[DEBUG] Received from server for token 2: [DEBUG] Received from server for token 1: 
[DEBUG] Received from server for token 3: 

[DEBUG] Received from server for token 2: [DEBUG] Received from server for token 1: 
[DEBUG] Received from server for token 3: 

[DEBUG] Received from server for token 2: [DEBUG] Received from server for token 1: 
[DEBUG] Received from server for token 3: 

[DEBUG] Received from server for token 2: [DEBUG] Received from server for token 1: 
[DEBUG] Received from server for token 3: 

[DEBUG] Received from server for token 2: [DEBUG] Received from server for token 1: 

[DEBUG] Received from server for token 2: 
[DEBUG] Received from server for token 1: [DEBUG] Received from server for token 2: 

[DEBUG] Received from server for token 1: [DEBUG] Received from server for token 2: 

[DEBUG] Received from server for token 2: 
[DEBUG] Received from server for token 2: 
[DEBUG] Received from server for token 2: 
[DEBUG] Received from server for token 2: 
[DEBUG] Received from server for token 1: [DEBUG] Received from server for token 2: 

[DEBUG] Received from server for token 1: [DEBUG] Received from server for token 2: 

[DEBUG] Received from server for token 1: [DEBUG] Received from server for token 2: 

[DEBUG] Received from server for token 1: [DEBUG] Received from server for token 2: 

[DEBUG] Received from server for token 1: [DEBUG] Received from server for token 2: 

[DEBUG] Received from server for token 1: [DEBUG] Received from server for token 2: 

[DEBUG] Received from server for token 1: [DEBUG] Received from server for token 2: 

[DEBUG] Received from server for token 1: [DEBUG] Received from server for token 2: 

[DEBUG] Received from server for token 1: [DEBUG] Received from server for token 2: 

[DEBUG] Received from server for token 1: [DEBUG] Received from server for token 2: 

[DEBUG] Received from server for token 2: [DEBUG] Received from server for token 1: 

[DEBUG] Received from server for token 2: 
[DEBUG] Received from server for token 1: [DEBUG] Received from server for token 2: 

[DEBUG] Received from server for token 1: [DEBUG] Received from server for token 2: 

[DEBUG] Received from server for token 1: [DEBUG] Received from server for token 2: 

[DEBUG] Received from server for token 1: [DEBUG] Received from server for token 2: 

[DEBUG] Received from server for token 1: [DEBUG] Received from server for token 2: 

[DEBUG] Received from server for token 2: [DEBUG] Received from server for token 1: 

[DEBUG] Received from server for token 2: [DEBUG] Received from server for token 1: 

[DEBUG] Received from server for token 2: 
[DEBUG] Received from server for token 1: [DEBUG] Received from server for token 2: 

[DEBUG] Received from server for token 1: [DEBUG] Received from server for token 2: 

[DEBUG] Received from server for token 1: [DEBUG] Received from server for token 2: 

[DEBUG] Received from server for token 2: [DEBUG] Received from server for token 1: 

[DEBUG] Received from server for token 2: 
[DEBUG] Received from server for token 1: [DEBUG] Received from server for token 2: 

[DEBUG] Received from server for token 1: [DEBUG] Received from server for token 2: 

[DEBUG] Received from server for token 2: [DEBUG] Received from server for token 1: 

[DEBUG] Received from server for token 2: 
[DEBUG] Received from server for token 1: [DEBUG] Received from server for token 2: 

[DEBUG] Received from server for token 1: [DEBUG] Received from server for token 2: 

[DEBUG] Received from server for token 2: 
[DEBUG] Received from server for token 1: [DEBUG] Received from server for token 2: 

[DEBUG] Received from server for token 2: 
[DEBUG] Received from server for token 1: [DEBUG] Received from server for token 2: 

[DEBUG] Received from server for token 2: [DEBUG] Received from server for token 1: 

[DEBUG] Received from server for token 2: 
[DEBUG] Received from server for token 1: [DEBUG] Received from server for token 2: 

[DEBUG] Received from server for token 2: 
[DEBUG] Received from server for token 1: [DEBUG] Received from server for token 2: 

[DEBUG] Received from server for token 2: [DEBUG] Received from server for token 1: 

[DEBUG] Received from server for token 2: 
[DEBUG] Received from server for token 1: [DEBUG] Received from server for token 2: 

[DEBUG] Received from server for token 2: [DEBUG] Received from server for token 1: 

[DEBUG] Received from server for token 2: 
[DEBUG] Received from server for token 1: [DEBUG] Received from server for token 2: 

[DEBUG] Received from server for token 2: 
[DEBUG] Received from server for token 1: [DEBUG] Received from server for token 2: 

[DEBUG] Received from server for token 2: [DEBUG] Received from server for token 1: 

[DEBUG] Received from server for token 2: 
[DEBUG] Received from server for token 1: [DEBUG] Received from server for token 2: 

[DEBUG] Received from server for token 2: [DEBUG] Received from server for token 1: 

[DEBUG] Received from server for token 2: 
[DEBUG] Received from server for token 1: [DEBUG] Received from server for token 2: 

[DEBUG] Received from server for token 2: 
[DEBUG] Received from server for token 1: [DEBUG] Received from server for token 2: 

[DEBUG] Received from server for token 2: [DEBUG] Received from server for token 1: 

[DEBUG] Received from server for token 2: 
[DEBUG] Received from server for token 1: [DEBUG] Received from server for token 2: 

[DEBUG] Received from server for token 2: 
[DEBUG] Received from server for token 1: [DEBUG] Received from server for token 2: 

[DEBUG] Received from server for token 2: [DEBUG] Received from server for token 1: 

[DEBUG] Received from server for token 2: 
[DEBUG] Received from server for token 1: [DEBUG] Received from server for token 2: 

[DEBUG] Received from server for token 2: [DEBUG] Received from server for token 1: 

[DEBUG] Received from server for token 2: 
[DEBUG] Received from server for token 1: [DEBUG] Received from server for token 2: 

[DEBUG] Received from server for token 2: 
[DEBUG] Received from server for token 1: [DEBUG] Received from server for token 2: 

[DEBUG] Received from server for token 2: [DEBUG] Received from server for token 1: 

[DEBUG] Received from server for token 2: 
[DEBUG] Received from server for token 1: [DEBUG] Received from server for token 2: 

[DEBUG] Received from server for token 2: [DEBUG] Received from server for token 1: 

[DEBUG] Received from server for token 2: [DEBUG] Received from server for token 1: 

[DEBUG] Received from server for token 2: 
[DEBUG] Received from server for token 1: [DEBUG] Received from server for token 2: 

[DEBUG] Received from server for token 2: 
[DEBUG] Received from server for token 1: [DEBUG] Received from server for token 2: 

[DEBUG] Received from server for token 2: [DEBUG] Received from server for token 1: 

[DEBUG] Received from server for token 2: 
[DEBUG] Received from server for token 1: [DEBUG] Received from server for token 2: 

[DEBUG] Received from server for token 2: 
[DEBUG] Received from server for token 1: [DEBUG] Received from server for token 2: 

[DEBUG] Received from server for token 2: [DEBUG] Received from server for token 1: 

[DEBUG] Received from server for token 2: 
[DEBUG] Received from server for token 1: [DEBUG] Received from server for token 2: 

[DEBUG] Received from server for token 2: 
[DEBUG] Received from server for token 1: [DEBUG] Received from server for token 2: 

[DEBUG] Received from server for token 2: [DEBUG] Received from server for token 1: 

[DEBUG] Received from server for token 2: 
[DEBUG] Received from server for token 1: [DEBUG] Received from server for token 2: 

[DEBUG] Received from server for token 2: 
[DEBUG] Received from server for token 2: 
[DEBUG] Received from server for token 1: [DEBUG] Received from server for token 2: 

[DEBUG] Received from server for token 2: [DEBUG] Received from server for token 1: 

[DEBUG] Received from server for token 2: 
[DEBUG] Received from server for token 1: [DEBUG] Received from server for token 2: 

[DEBUG] Received from server for token 2: 
[DEBUG] Received from server for token 1: [DEBUG] Received from server for token 2: 

[DEBUG] Received from server for token 2: [DEBUG] Received from server for token 1: 

[DEBUG] Received from server for token 2: 
[DEBUG] Received from server for token 1: [DEBUG] Received from server for token 2: 

[DEBUG] Received from server for token 2: 
[DEBUG] Received from server for token 1: [DEBUG] Received from server for token 2: 

[DEBUG] Received from server for token 2: [DEBUG] Received from server for token 1: 

[DEBUG] Received from server for token 2: 
[DEBUG] Received from server for token 1: [DEBUG] Received from server for token 2: 

[DEBUG] Received from server for token 2: 
[DEBUG] Received from server for token 1: [DEBUG] Received from server for token 2: 

[DEBUG] Received from server for token 2: [DEBUG] Received from server for token 1: 
[DEBUG] Received from server for token 2: 

[DEBUG] Received from server for token 2: [DEBUG] Received from server for token 1: 

[DEBUG] Received from server for token 2: 
[DEBUG] Received from server for token 1: [DEBUG] Received from server for token 2: 

[DEBUG] Received from server for token 2: 
[DEBUG] Received from server for token 1: 
[DEBUG] Received from server for token 2: 
[DEBUG] Received from server for token 1: [DEBUG] Received from server for token 2: 

[DEBUG] Received from server for token 2: 
[DEBUG] Received from server for token 1: [DEBUG] Received from server for token 2: 

[DEBUG] Received from server for token 2: 
[DEBUG] Received from server for token 1: [DEBUG] Received from server for token 2: 

[DEBUG] Received from server for token 2: 
[DEBUG] Received from server for token 1: [DEBUG] Received from server for token 2: 

[DEBUG] Received from server for token 2: [DEBUG] Received from server for token 1: 

[DEBUG] Received from server for token 2: 
[DEBUG] Received from server for token 1: [DEBUG] Received from server for token 2: 

[DEBUG] Received from server for token 2: 
[DEBUG] Received from server for token 1: [DEBUG] Received from server for token 2: 

[DEBUG] Received from server for token 2: 
[DEBUG] Received from server for token 1: [DEBUG] Received from server for token 2: 

[DEBUG] Received from server for token 2: [DEBUG] Received from server for token 1: 

[DEBUG] Received from server for token 2: 
[DEBUG] Received from server for token 1: [DEBUG] Received from server for token 2: 

[DEBUG] Received from server for token 2: [DEBUG] Received from server for token 1: 

[DEBUG] Received from server for token 2: 
[DEBUG] Received from server for token 1: [DEBUG] Received from server for token 2: 

[DEBUG] Received from server for token 2: 
[DEBUG] Received from server for token 1: [DEBUG] Received from server for token 2: 

[DEBUG] Received from server for token 2: [DEBUG] Received from server for token 1: 

[DEBUG] Received from server for token 2: 
[DEBUG] Received from server for token 1: [DEBUG] Received from server for token 2: 

[DEBUG] Received from server for token 2: 
[DEBUG] Received from server for token 1: [DEBUG] Received from server for token 2: 

[DEBUG] Received from server for token 2: [DEBUG] Received from server for token 1: 

[DEBUG] Received from server for token 2: 
[DEBUG] Received from server for token 1: [DEBUG] Received from server for token 2: 

[DEBUG] Received from server for token 2: 
[DEBUG] Received from server for token 1: [DEBUG] Received from server for token 2: 

[DEBUG] Received from server for token 2: [DEBUG] Received from server for token 1: 

[DEBUG] Received from server for token 2: 
[DEBUG] Received from server for token 1: [DEBUG] Received from server for token 2: 

[DEBUG] Received from server for token 2: 
[DEBUG] Received from server for token 1: [DEBUG] Received from server for token 2: 

[DEBUG] Received from server for token 2: [DEBUG] Received from server for token 1: 

[DEBUG] Received from server for token 2: 
[DEBUG] Received from server for token 1: [DEBUG] Received from server for token 2: 

[DEBUG] Received from server for token 2: [DEBUG] Received from server for token 1: 

[DEBUG] Received from server for token 2: 
[DEBUG] Received from server for token 1: [DEBUG] Received from server for token 2: 

[DEBUG] Received from server for token 2: 
[DEBUG] Received from server for token 1: [DEBUG] Received from server for token 2: 

[DEBUG] Received from server for token 2: [DEBUG] Received from server for token 1: 

[DEBUG] Received from server for token 2: 
[DEBUG] Received from server for token 1: [DEBUG] Received from server for token 2: 

[DEBUG] Received from server for token 2: 
[DEBUG] Received from server for token 1: [DEBUG] Received from server for token 2: 

[DEBUG] Received from server for token 2: [DEBUG] Received from server for token 1: 

[DEBUG] Received from server for token 2: 
[DEBUG] Received from server for token 1: [DEBUG] Received from server for token 2: 

[DEBUG] Received from server for token 2: 
[DEBUG] Received from server for token 1: [DEBUG] Received from server for token 2: 

[DEBUG] Received from server for token 2: [DEBUG] Received from server for token 1: 

[DEBUG] Received from server for token 2: 
[DEBUG] Received from server for token 1: [DEBUG] Received from server for token 2: 

[DEBUG] Received from server for token 2: 
[DEBUG] Received from server for token 1: [DEBUG] Received from server for token 2: 

[DEBUG] Received from server for token 2: 
[DEBUG] Received from server for token 1: [DEBUG] Received from server for token 2: 

[DEBUG] Received from server for token 2: 
[DEBUG] Received from server for token 1: 
[DEBUG] Received from server for token 2: 
[DEBUG] Received from server for token 1: [DEBUG] Received from server for token 2: 

[DEBUG] Received from server for token 2: 
[DEBUG] Received from server for token 1: [DEBUG] Received from server for token 2: 

[DEBUG] Received from server for token 2: [DEBUG] Received from server for token 1: 

[DEBUG] Received from server for token 2: 
[DEBUG] Received from server for token 1: [DEBUG] Received from server for token 2: 

[DEBUG] Received from server for token 2: 
[DEBUG] Received from server for token 1: [DEBUG] Received from server for token 2: 

[DEBUG] Received from server for token 2: [DEBUG] Received from server for token 1: 

[DEBUG] Received from server for token 2: 
[DEBUG] Received from server for token 1: [DEBUG] Received from server for token 2: 

[DEBUG] Received from server for token 2: 
[DEBUG] Received from server for token 1: [DEBUG] Received from server for token 2: 

[DEBUG] Received from server for token 2: [DEBUG] Received from server for token 1: 

[DEBUG] Received from server for token 2: 
[DEBUG] Received from server for token 1: [DEBUG] Received from server for token 2: 

[DEBUG] Received from server for token 2: 
[DEBUG] Received from server for token 1: [DEBUG] Received from server for token 2: 

[DEBUG] Received from server for token 2: [DEBUG] Received from server for token 1: 

[DEBUG] Received from server for token 2: 
[DEBUG] Received from server for token 2: 
[DEBUG] Received from server for token 2: [DEBUG] Received from server for token 1: 

[DEBUG] Received from server for token 2: 
[DEBUG] Received from server for token 1: [DEBUG] Received from server for token 2: 

[DEBUG] Received from server for token 2: 
[DEBUG] Received from server for token 1: [DEBUG] Received from server for token 2: 

[DEBUG] Received from server for token 2: [DEBUG] Received from server for token 1: 

[DEBUG] Received from server for token 2: 
[DEBUG] Received from server for token 1: [DEBUG] Received from server for token 2: 

[DEBUG] Received from server for token 2: 
[DEBUG] Received from server for token 1: [DEBUG] Received from server for token 2: 

[DEBUG] Received from server for token 2: [DEBUG] Received from server for token 1: 

[DEBUG] Received from server for token 2: 
[DEBUG] Received from server for token 1: [DEBUG] Received from server for token 2: 

[DEBUG] Received from server for token 2: 
[DEBUG] Received from server for token 1: [DEBUG] Received from server for token 2: 

[DEBUG] Received from server for token 2: [DEBUG] Received from server for token 1: 

[DEBUG] Received from server for token 2: 
[DEBUG] Received from server for token 1: [DEBUG] Received from server for token 2: 

[DEBUG] Received from server for token 2: 
[DEBUG] Received from server for token 1: [DEBUG] Received from server for token 2: 

[DEBUG] Received from server for token 2: [DEBUG] Received from server for token 1: 

[DEBUG] Received from server for token 2: 
[DEBUG] Received from server for token 1: [DEBUG] Received from server for token 2: 

[DEBUG] Received from server for token 2: 
[DEBUG] Received from server for token 1: [DEBUG] Received from server for token 2: 

[DEBUG] Received from server for token 2: [DEBUG] Received from server for token 1: 

[DEBUG] Received from server for token 2: 
[DEBUG] Received from server for token 1: [DEBUG] Received from server for token 2: 

[DEBUG] Received from server for token 2: 
[DEBUG] Received from server for token 1: [DEBUG] Received from server for token 2: 

[DEBUG] Received from server for token 2: [DEBUG] Received from server for token 1: 

[DEBUG] Received from server for token 2: 
[DEBUG] Received from server for token 1: [DEBUG] Received from server for token 2: 

[DEBUG] Received from server for token 2: 
[DEBUG] Received from server for token 1: [DEBUG] Received from server for token 2: 

[DEBUG] Received from server for token 2: [DEBUG] Received from server for token 1: 

[DEBUG] Received from server for token 2: 
[DEBUG] Received from server for token 1: [DEBUG] Received from server for token 2: 

[DEBUG] Received from server for token 2: 
[DEBUG] Received from server for token 1: [DEBUG] Received from server for token 2: 

[DEBUG] Received from server for token 2: 
[DEBUG] Received from server for token 2: 
[DEBUG] Received from server for token 2: 
[DEBUG] Received from server for token 2: 
[DEBUG] Received from server for token 2: 
[DEBUG] Received from server for token 2: 
[DEBUG] Received from server for token 2: 
[DEBUG] Received from server for token 2: [DEBUG] Received from server for token 1: 
[DEBUG] Received from server for token 2: 

[DEBUG] Received from server for token 2: [DEBUG] Received from server for token 1: 

[DEBUG] Received from server for token 2: [DEBUG] Received from server for token 1: 

[DEBUG] Received from server for token 2: [DEBUG] Received from server for token 1: 

[DEBUG] Received from server for token 2: [DEBUG] Received from server for token 1: 

[DEBUG] Received from server for token 2: [DEBUG] Received from server for token 1: 

[DEBUG] Received from server for token 2: [DEBUG] Received from server for token 1: 

[DEBUG] Received from server for token 2: [DEBUG] Received from server for token 1: 

[DEBUG] Received from server for token 2: [DEBUG] Received from server for token 1: 

[DEBUG] Received from server for token 2: 
[DEBUG] Received from server for token 1: [DEBUG] Received from server for token 2: 

[DEBUG] Received from server for token 2: 
[DEBUG] Received from server for token 1: [DEBUG] Received from server for token 2: 

[DEBUG] Received from server for token 2: [DEBUG] Received from server for token 1: 

[DEBUG] Received from server for token 2: 
[DEBUG] Received from server for token 1: [DEBUG] Received from server for token 2: 

[DEBUG] Received from server for token 1: [DEBUG] Received from server for token 2: 

[DEBUG] Received from server for token 1: [DEBUG] Received from server for token 2: 

[DEBUG] Received from server for token 1: [DEBUG] Received from server for token 2: 

[DEBUG] Received from server for token 1: [DEBUG] Received from server for token 2: 

[DEBUG] Received from server for token 2: 
[DEBUG] Received from server for token 1: [DEBUG] Received from server for token 2: 

[DEBUG] Received from server for token 2: [DEBUG] Received from server for token 1: 

[DEBUG] Received from server for token 2: 
[DEBUG] Received from server for token 1: [DEBUG] Received from server for token 2: 

[DEBUG] Received from server for token 2: 
[DEBUG] Received from server for token 1: [DEBUG] Received from server for token 2: 

[DEBUG] Received from server for token 2: [DEBUG] Received from server for token 1: 

[DEBUG] Received from server for token 2: 
[DEBUG] Received from server for token 1: [DEBUG] Received from server for token 2: 

[DEBUG] Received from server for token 2: 
[DEBUG] Received from server for token 1: [DEBUG] Received from server for token 2: 

[DEBUG] Received from server for token 2: [DEBUG] Received from server for token 1: 

[DEBUG] Received from server for token 2: 
[DEBUG] Received from server for token 1: [DEBUG] Received from server for token 2: 

[DEBUG] Received from server for token 2: [DEBUG] Received from server for token 1: 

[DEBUG] Received from server for token 2: 
[DEBUG] Received from server for token 1: [DEBUG] Received from server for token 2: 

[DEBUG] Received from server for token 2: 
[DEBUG] Received from server for token 1: [DEBUG] Received from server for token 2: 

[DEBUG] Received from server for token 2: [DEBUG] Received from server for token 1: 

[DEBUG] Received from server for token 2: 
[DEBUG] Received from server for token 1: [DEBUG] Received from server for token 2: 

[DEBUG] Received from server for token 2: [DEBUG] Received from server for token 1: 

[DEBUG] Received from server for token 2: 
[DEBUG] Received from server for token 1: [DEBUG] Received from server for token 2: 

[DEBUG] Received from server for token 2: 
[DEBUG] Received from server for token 1: [DEBUG] Received from server for token 2: 

[DEBUG] Received from server for token 2: [DEBUG] Received from server for token 1: 

[DEBUG] Received from server for token 2: 
[DEBUG] Received from server for token 1: [DEBUG] Received from server for token 2: 

[DEBUG] Received from server for token 2: [DEBUG] Received from server for token 1: 

[DEBUG] Received from server for token 2: 
[DEBUG] Received from server for token 1: [DEBUG] Received from server for token 2: 

[DEBUG] Received from server for token 2: [DEBUG] Received from server for token 1: 

[DEBUG] Received from server for token 2: 
[DEBUG] Received from server for token 1: [DEBUG] Received from server for token 2: 

[DEBUG] Received from server for token 2: 
[DEBUG] Received from server for token 1: [DEBUG] Received from server for token 2: 

[DEBUG] Received from server for token 2: [DEBUG] Received from server for token 1: 

[DEBUG] Received from server for token 2: 
[DEBUG] Received from server for token 1: [DEBUG] Received from server for token 2: 

[DEBUG] Received from server for token 2: 
[DEBUG] Received from server for token 1: [DEBUG] Received from server for token 2: 

[DEBUG] Received from server for token 2: [DEBUG] Received from server for token 1: 

[DEBUG] Received from server for token 2: 
[DEBUG] Received from server for token 1: [DEBUG] Received from server for token 2: 

[DEBUG] Received from server for token 2: 
[DEBUG] Received from server for token 1: [DEBUG] Received from server for token 2: 

[DEBUG] Received from server for token 2: [DEBUG] Received from server for token 1: 

[DEBUG] Received from server for token 2: 
[DEBUG] Received from server for token 1: [DEBUG] Received from server for token 2: 

[DEBUG] Received from server for token 2: 
[DEBUG] Received from server for token 1: [DEBUG] Received from server for token 2: 

[DEBUG] Received from server for token 2: [DEBUG] Received from server for token 1: 

[DEBUG] Received from server for token 2: 
[DEBUG] Received from server for token 1: [DEBUG] Received from server for token 2: 

[DEBUG] Received from server for token 2: 
[DEBUG] Received from server for token 1: [DEBUG] Received from server for token 2: 

[DEBUG] Received from server for token 2: [DEBUG] Received from server for token 1: 

[DEBUG] Received from server for token 2: 
[DEBUG] Received from server for token 1: [DEBUG] Received from server for token 2: 

[DEBUG] Received from server for token 2: 
[DEBUG] Received from server for token 1: [DEBUG] Received from server for token 2: 

[DEBUG] Received from server for token 2: [DEBUG] Received from server for token 1: 

[DEBUG] Received from server for token 2: 
[DEBUG] Received from server for token 1: [DEBUG] Received from server for token 2: 

[DEBUG] Received from server for token 2: 
[DEBUG] Received from server for token 1: [DEBUG] Received from server for token 2: 

[DEBUG] Received from server for token 2: [DEBUG] Received from server for token 1: 

[DEBUG] Received from server for token 2: 
[DEBUG] Received from server for token 1: [DEBUG] Received from server for token 2: 

[DEBUG] Received from server for token 2: [DEBUG] Received from server for token 1: 

[DEBUG] Received from server for token 2: 
[DEBUG] Received from server for token 1: [DEBUG] Received from server for token 2: 

[DEBUG] Received from server for token 2: [DEBUG] Received from server for token 1: 

[DEBUG] Received from server for token 2: 
[DEBUG] Received from server for token 1: [DEBUG] Received from server for token 2: 

[DEBUG] Received from server for token 2: 
[DEBUG] Received from server for token 1: [DEBUG] Received from server for token 2: 

[DEBUG] Received from server for token 2: [DEBUG] Received from server for token 1: 

[DEBUG] Received from server for token 2: 
[DEBUG] Received from server for token 1: [DEBUG] Received from server for token 2: 

[DEBUG] Received from server for token 2: [DEBUG] Received from server for token 1: 

[DEBUG] Received from server for token 2: 
[DEBUG] Received from server for token 1: [DEBUG] Received from server for token 2: 

[DEBUG] Received from server for token 2: 
[DEBUG] Received from server for token 1: [DEBUG] Received from server for token 2: 

[DEBUG] Received from server for token 2: [DEBUG] Received from server for token 1: 

[DEBUG] Received from server for token 2: 
[DEBUG] Received from server for token 1: [DEBUG] Received from server for token 2: 

[DEBUG] Received from server for token 2: [DEBUG] Received from server for token 1: 

[DEBUG] Received from server for token 2: [DEBUG] Received from server for token 1: 

[DEBUG] Received from server for token 2: [DEBUG] Received from server for token 1: 

[DEBUG] Received from server for token 2: [DEBUG] Received from server for token 1: 

[DEBUG] Received from server for token 2: [DEBUG] Received from server for token 1: 

[DEBUG] Received from server for token 2: 
[DEBUG] Received from server for token 1: 
[DEBUG] Received from server for token 1: 
[DEBUG] Received from server for token 1: 
[DEBUG] Received from server for token 2: 
[DEBUG] Received from server for token 1: [DEBUG] Received from server for token 2: 

[DEBUG] Received from server for token 2: [DEBUG] Received from server for token 1: 

[DEBUG] Received from server for token 2: 
[DEBUG] Received from server for token 1: [DEBUG] Received from server for token 2: 

[DEBUG] Received from server for token 1: [DEBUG] Received from server for token 2: 

[DEBUG] Received from server for token 2: [DEBUG] Received from server for token 1: 

[DEBUG] Received from server for token 2: 
[DEBUG] Received from server for token 1: [DEBUG] Received from server for token 2: 

[DEBUG] Received from server for token 2: 
[DEBUG] Received from server for token 1: [DEBUG] Received from server for token 2: 

[DEBUG] Received from server for token 2: [DEBUG] Received from server for token 1: 

[DEBUG] Received from server for token 2: 
[DEBUG] Received from server for token 1: [DEBUG] Received from server for token 2: 

[DEBUG] Received from server for token 2: 
[DEBUG] Received from server for token 1: [DEBUG] Received from server for token 2: 

[DEBUG] Received from server for token 2: [DEBUG] Received from server for token 1: 

[DEBUG] Received from server for token 2: 
[DEBUG] Received from server for token 1: [DEBUG] Received from server for token 2: 

[DEBUG] Received from server for token 2: 
[DEBUG] Received from server for token 1: [DEBUG] Received from server for token 2: 

[DEBUG] Received from server for token 2: 
[DEBUG] Received from server for token 1: [DEBUG] Received from server for token 2: 

[DEBUG] Received from server for token 2: [DEBUG] Received from server for token 1: 

[DEBUG] Received from server for token 2: 
[DEBUG] Received from server for token 1: [DEBUG] Received from server for token 2: 

[DEBUG] Received from server for token 2: 
[DEBUG] Received from server for token 1: [DEBUG] Received from server for token 2: 

[DEBUG] Received from server for token 2: [DEBUG] Received from server for token 1: 

[DEBUG] Received from server for token 2: 
[DEBUG] Received from server for token 1: [DEBUG] Received from server for token 2: 

[DEBUG] Received from server for token 2: 
[DEBUG] Received from server for token 1: [DEBUG] Received from server for token 2: 

[DEBUG] Received from server for token 2: [DEBUG] Received from server for token 1: 

[DEBUG] Received from server for token 2: 
[DEBUG] Received from server for token 1: [DEBUG] Received from server for token 2: 

[DEBUG] Received from server for token 2: 
[DEBUG] Received from server for token 1: [DEBUG] Received from server for token 2: 

[DEBUG] Received from server for token 2: 
[DEBUG] Received from server for token 2: 
[DEBUG] Received from server for token 1: [DEBUG] Received from server for token 2: 

[DEBUG] Received from server for token 2: [DEBUG] Received from server for token 1: 

[DEBUG] Received from server for token 2: 
[DEBUG] Received from server for token 1: [DEBUG] Received from server for token 2: 

[DEBUG] Received from server for token 2: 
[DEBUG] Received from server for token 1: [DEBUG] Received from server for token 2: 

[DEBUG] Received from server for token 2: [DEBUG] Received from server for token 1: 

[DEBUG] Received from server for token 2: 
[DEBUG] Received from server for token 1: [DEBUG] Received from server for token 2: 

[DEBUG] Received from server for token 2: 
[DEBUG] Received from server for token 1: [DEBUG] Received from server for token 2: 

[DEBUG] Received from server for token 2: [DEBUG] Received from server for token 1: 

[DEBUG] Received from server for token 2: 
[DEBUG] Received from server for token 1: [DEBUG] Received from server for token 2: 

[DEBUG] Received from server for token 2: 
[DEBUG] Received from server for token 1: [DEBUG] Received from server for token 2: 

[DEBUG] Received from server for token 2: [DEBUG] Received from server for token 1: 

[DEBUG] Received from server for token 2: 
[DEBUG] Received from server for token 1: [DEBUG] Received from server for token 2: 

[DEBUG] Received from server for token 2: 
[DEBUG] Received from server for token 1: [DEBUG] Received from server for token 2: 

[DEBUG] Received from server for token 2: [DEBUG] Received from server for token 1: 

[DEBUG] Received from server for token 2: [DEBUG] Received from server for token 1: 

[DEBUG] Received from server for token 2: 
[DEBUG] Received from server for token 1: [DEBUG] Received from server for token 2: 

[DEBUG] Received from server for token 2: 
[DEBUG] Received from server for token 1: [DEBUG] Received from server for token 2: 

[DEBUG] Received from server for token 2: [DEBUG] Received from server for token 1: 

[DEBUG] Received from server for token 2: 
[DEBUG] Received from server for token 1: 
[DEBUG] Received from server for token 2: [DEBUG] Received from server for token 1: 

[DEBUG] Received from server for token 2: 
[DEBUG] Received from server for token 1: [DEBUG] Received from server for token 2: 

[DEBUG] Received from server for token 2: [DEBUG] Received from server for token 1: 

[DEBUG] Received from server for token 2: 
[DEBUG] Received from server for token 1: [DEBUG] Received from server for token 2: 

[DEBUG] Received from server for token 2: 
[DEBUG] Received from server for token 1: [DEBUG] Received from server for token 2: 

[DEBUG] Received from server for token 2: [DEBUG] Received from server for token 1: 

[DEBUG] Received from server for token 2: 
[DEBUG] Received from server for token 1: [DEBUG] Received from server for token 2: 

[DEBUG] Received from server for token 2: 
[DEBUG] Received from server for token 1: [DEBUG] Received from server for token 2: 

[DEBUG] Received from server for token 2: [DEBUG] Received from server for token 1: 

[DEBUG] Received from server for token 2: 
[DEBUG] Received from server for token 1: [DEBUG] Received from server for token 2: 

[DEBUG] Received from server for token 2: 
[DEBUG] Received from server for token 1: [DEBUG] Received from server for token 2: 

[DEBUG] Received from server for token 2: [DEBUG] Received from server for token 1: 

[DEBUG] Received from server for token 2: 
[DEBUG] Received from server for token 1: [DEBUG] Received from server for token 2: 

[DEBUG] Received from server for token 2: 
[DEBUG] Received from server for token 1: [DEBUG] Received from server for token 2: 

[DEBUG] Received from server for token 2: [DEBUG] Received from server for token 1: 

[DEBUG] Received from server for token 2: 
[DEBUG] Received from server for token 1: [DEBUG] Received from server for token 2: 

[DEBUG] Received from server for token 2: [DEBUG] Received from server for token 1: 

[DEBUG] Received from server for token 2: 
[DEBUG] Received from server for token 1: [DEBUG] Received from server for token 2: 

[DEBUG] Received from server for token 2: 
[DEBUG] Received from server for token 1: [DEBUG] Received from server for token 2: 

[DEBUG] Received from server for token 2: [DEBUG] Received from server for token 1: 

[DEBUG] Received from server for token 2: 
[DEBUG] Received from server for token 1: [DEBUG] Received from server for token 2: 

[DEBUG] Received from server for token 2: [DEBUG] Received from server for token 1: 

[DEBUG] Received from server for token 2: 
[DEBUG] Received from server for token 1: [DEBUG] Received from server for token 2: 

[DEBUG] Received from server for token 2: 
[DEBUG] Received from server for token 1: [DEBUG] Received from server for token 2: 

[DEBUG] Received from server for token 2: [DEBUG] Received from server for token 1: 

[DEBUG] Received from server for token 2: 
[DEBUG] Received from server for token 1: [DEBUG] Received from server for token 2: 

[DEBUG] Received from server for token 2: [DEBUG] Received from server for token 1: 

[DEBUG] Received from server for token 2: 
[DEBUG] Received from server for token 1: [DEBUG] Received from server for token 2: 

[DEBUG] Received from server for token 2: [DEBUG] Received from server for token 1: 

[DEBUG] Received from server for token 2: 
[DEBUG] Received from server for token 1: [DEBUG] Received from server for token 2: 

[DEBUG] Received from server for token 2: [DEBUG] Received from server for token 1: 

[DEBUG] Received from server for token 2: 
[DEBUG] Received from server for token 1: [DEBUG] Received from server for token 2: 

[DEBUG] Received from server for token 2: [DEBUG] Received from server for token 1: 

[DEBUG] Received from server for token 2: 
[DEBUG] Received from server for token 1: [DEBUG] Received from server for token 2: 

[DEBUG] Received from server for token 2: 
[DEBUG] Received from server for token 1: [DEBUG] Received from server for token 2: 

[DEBUG] Received from server for token 2: [DEBUG] Received from server for token 1: 

[DEBUG] Received from server for token 2: 
[DEBUG] Received from server for token 1: [DEBUG] Received from server for token 2: 

[DEBUG] Received from server for token 2: 
[DEBUG] Received from server for token 1: [DEBUG] Received from server for token 2: 

[DEBUG] Received from server for token 2: [DEBUG] Received from server for token 1: 

[DEBUG] Received from server for token 2: 
[DEBUG] Received from server for token 1: [DEBUG] Received from server for token 2: 

[DEBUG] Received from server for token 1: [DEBUG] Received from server for token 2: 

[DEBUG] Received from server for token 2: [DEBUG] Received from server for token 1: 

[DEBUG] Received from server for token 2: 
[DEBUG] Received from server for token 1: [DEBUG] Received from server for token 2: 

[DEBUG] Received from server for token 2: [DEBUG] Received from server for token 1: 

[DEBUG] Received from server for token 2: 
[DEBUG] Received from server for token 1: [DEBUG] Received from server for token 2: 

[DEBUG] Received from server for token 2: 
[DEBUG] Received from server for token 2: [DEBUG] Received from server for token 1: 

[DEBUG] Received from server for token 2: 
[DEBUG] Received from server for token 1: [DEBUG] Received from server for token 2: 
[DEBUG] Received from server for token 2: 
[DEBUG] Received from server for token 2: 
[DEBUG] Received from server for token 2: 
[DEBUG] Received from server for token 2: 
[DEBUG] Received from server for token 2: 
[DEBUG] Received from server for token 2: 
[DEBUG] Received from server for token 2: 
[DEBUG] Received from server for token 2: 
[DEBUG] Received from server for token 2: 
[DEBUG] Received from server for token 2: 
[DEBUG] Received from server for token 2: 
[DEBUG] Received from server for token 2: 
[DEBUG] Received from server for token 2: 
[DEBUG] Received from server for token 2: 
[DEBUG] Received from server for token 2: 
[DEBUG] Received from server for token 2: 
[DEBUG] Received from server for token 2: 
[DEBUG] Received from server for token 2: 
[DEBUG] Received from server for token 2: 
[DEBUG] Received from server for token 2: 
[DEBUG] Received from server for token 2: 
[DEBUG] Received from server for token 2: 
[DEBUG] Received from server for token 2: 
[DEBUG] Received from server for token 2: 
[DEBUG] Received from server for token 2: 
[DEBUG] Received from server for token 2: 
[DEBUG] Received from server for token 2: 
[DEBUG] Received from server for token 2: 
[DEBUG] Received from server for token 2: 
[DEBUG] Received from server for token 2: 
[DEBUG] Received from server for token 2: 
[DEBUG] Received from server for token 2: 
[DEBUG] Received from server for token 2: 
[DEBUG] Received from server for token 2: 
[DEBUG] Received from server for token 2: 
[DEBUG] Received from server for token 2: 
[DEBUG] Received from server for token 2: 
[DEBUG] Received from server for token 2: 
[DEBUG] Received from server for token 2: 
[DEBUG] Received from server for token 2: 
[DEBUG] Received from server for token 2: 
[DEBUG] Received from server for token 2: 
[DEBUG] Received from server for token 2: 
[DEBUG] Received from server for token 2: 
[DEBUG] Received from server for token 2: 
[DEBUG] Received from server for token 2: 
[DEBUG] Received from server for token 2: 
[DEBUG] Received from server for token 2: 
[DEBUG] Received from server for token 2: 
[DEBUG] Received from server for token 2: 
[DEBUG] Received from server for token 2: 
[DEBUG] Received from server for token 2: 
[DEBUG] Received from server for token 2: 
[DEBUG] Received from server for token 2: 
[DEBUG] Received from server for token 2: 
[DEBUG] Received from server for token 2: 
[DEBUG] Received from server for token 2: 
[DEBUG] Received from server for token 2: 
[DEBUG] Received from server for token 2: 
[DEBUG] Received from server for token 2: 
[DEBUG] Received from server for token 2: 
[DEBUG] Received from server for token 2: 
[DEBUG] Received from server for token 2: 
[DEBUG] Received from server for token 2: 
[DEBUG] Received from server for token 2: 
[DEBUG] Received from server for token 2: 
[DEBUG] Received from server for token 2: 
[DEBUG] Received from server for token 2: 
[DEBUG] Received from server for token 2: 
[DEBUG] Received from server for token 2: 
[DEBUG] Received from server for token 2: 
[DEBUG] Received from server for token 2: 
[DEBUG] Received from server for token 2: 
[DEBUG] Received from server for token 2: 
[DEBUG] Received from server for token 2: 
[DEBUG] Received from server for token 2: 
[DEBUG] Received from server for token 2: 
[DEBUG] Received from server for token 2: 
[DEBUG] Received from server for token 2: 
[DEBUG] Received from server for token 2: 
[DEBUG] Received from server for token 2: 
[DEBUG] Received from server for token 2: 
[DEBUG] Received from server for token 2: 
[DEBUG] Received from server for token 2: 
[DEBUG] Received from server for token 2: 
[DEBUG] Received from server for token 2: 
[DEBUG] Received from server for token 2: 
[DEBUG] Received from server for token 2: 
[DEBUG] Received from server for token 2: 
[DEBUG] Received from server for token 2: 
[DEBUG] Received from server for token 2: 
[DEBUG] Received from server for token 2: 
[DEBUG] Received from server for token 2: 
[DEBUG] Received from server for token 2: 
[DEBUG] Received from server for token 2: 
[DEBUG] Received from server for token 2: 
[DEBUG] Received from server for token 2: 
[DEBUG] Received from server for token 2: 
[DEBUG] Received from server for token 2: 
[DEBUG] Received from server for token 2: 
[DEBUG] Received from server for token 2: 
[DEBUG] Received from server for token 2: 
[DEBUG] Received from server for token 2: 
[DEBUG] Received from server for token 2: 
[DEBUG] Received from server for token 2: 
[DEBUG] Received from server for token 2: 
[DEBUG] Received from server for token 2: 
[DEBUG] Received from server for token 2: 
[DEBUG] Received from server for token 2: 
[DEBUG] Received from server for token 2: 
[DEBUG] Received from server for token 2: 
[DEBUG] Received from server for token 2: 
[DEBUG] Received from server for token 2: 
[DEBUG] Received from server for token 2: 
[DEBUG] Received from server for token 2: 
[DEBUG] Received from server for token 2: 
[DEBUG] Received from server for token 2: 
[DEBUG] Received from server for token 2: 
[DEBUG] Received from server for token 2: 
[DEBUG] Received from server for token 2: 
[DEBUG] Received from server for token 2: 
[DEBUG] Received from server for token 2: 
[DEBUG] Received from server for token 2: 
[DEBUG] Received from server for token 2: 
[DEBUG] Received from server for token 2: 
[DEBUG] Received from server for token 2: 
[DEBUG] Received from server for token 2: 
[DEBUG] Received from server for token 2: 
[DEBUG] Received from server for token 2: 
[DEBUG] Received from server for token 2: 
[DEBUG] Received from server for token 2: 
[DEBUG] Received from server for token 2: 
[DEBUG] Received from server for token 2: 
[DEBUG] Received from server for token 2: 
[DEBUG] Received from server for token 2: 
[DEBUG] Received from server for token 2: 
[DEBUG] Received from server for token 2: 
[DEBUG] Received from server for token 2: 
[DEBUG] Received from server for token 2: 
[DEBUG] Received from server for token 2: 
[DEBUG] Received from server for token 2: 
[DEBUG] Received from server for token 2: 
[DEBUG] Received from server for token 2: 
[DEBUG] Received from server for token 2: 
[DEBUG] Received from server for token 2: 
[DEBUG] Received from server for token 2: 
[DEBUG] Received from server for token 2: 
[DEBUG] Received from server for token 2: 
[DEBUG] Received from server for token 2: 
[DEBUG] Received from server for token 2: 
[DEBUG] Received from server for token 2: 
[DEBUG] Received from server for token 2: 
[DEBUG] Received from server for token 2: 
[DEBUG] Received from server for token 2: 
[DEBUG] Received from server for token 2: 
[DEBUG] Received from server for token 2: 
[DEBUG] Received from server for token 2: 
[DEBUG] Received from server for token 2: 
[DEBUG] Received from server for token 2: 
[DEBUG] Received from server for token 2: 
[DEBUG] Received from server for token 2: 
[DEBUG] Received from server for token 2: 
[DEBUG] Received from server for token 2: 
[DEBUG] Received from server for token 2: 
[DEBUG] Received from server for token 2: 
[DEBUG] Received from server for token 2: 
[DEBUG] Received from server for token 2: 
[DEBUG] Received from server for token 2: 
[DEBUG] Received from server for token 2: 
[DEBUG] Received from server for token 2: 
[DEBUG] Received from server for token 2: 
[DEBUG] Received from server for token 2: 
[DEBUG] Received from server for token 2: 
[DEBUG] Received from server for token 2: 
[DEBUG] Received from server for token 2: 
[DEBUG] Received from server for token 2: 
[DEBUG] Received from server for token 2: 
[DEBUG] Received from server for token 2: 
[DEBUG] Received from server for token 2: 
[DEBUG] Received from server for token 2: 
[DEBUG] Received from server for token 2: 
[DEBUG] Received from server for token 2: 
[DEBUG] Received from server for token 2: 
[DEBUG] Received from server for token 2: 
[DEBUG] Received from server for token 2: 
[DEBUG] Received from server for token 2: 
[DEBUG] Received from server for token 2: 
[DEBUG] Received from server for token 2: 
[DEBUG] Received from server for token 2: 
[DEBUG] Received from server for token 2: 
[DEBUG] Received from server for token 2: 
[DEBUG] Received from server for token 2: 
[DEBUG] Received from server for token 2: 
[DEBUG] Received from server for token 2: 
[DEBUG] Received from server for token 2: 
[DEBUG] Received from server for token 2: 
[DEBUG] Received from server for token 2: 
[DEBUG] Received from server for token 2: 
[DEBUG] Received from server for token 2: 
[DEBUG] Received from server for token 2: 
[DEBUG] Received from server for token 2: 
[DEBUG] Received from server for token 2: 
[DEBUG] Received from server for token 2: 
[DEBUG] Received from server for token 2: 
[DEBUG] Received from server for token 2: 
[DEBUG] Received from server for token 2: 
[DEBUG] Received from server for token 2: 
[DEBUG] Received from server for token 2: 
[DEBUG] Received from server for token 2: 
[DEBUG] Received from server for token 2: 
[DEBUG] Received from server for token 2: 
[DEBUG] Received from server for token 2: 
[DEBUG] Received from server for token 2: 
[DEBUG] Received from server for token 2: 
[DEBUG] Received from server for token 2: 
[DEBUG] Received from server for token 2: 
[DEBUG] Received from server for token 2: 
[DEBUG] Received from server for token 2: 
[DEBUG] Received from server for token 2: 
[DEBUG] Received from server for token 2: 
[DEBUG] Received from server for token 2: 
[DEBUG] Received from server for token 2: 
[DEBUG] Received from server for token 2: 
[DEBUG] Received from server for token 2: 
[DEBUG] Received from server for token 2: 
[DEBUG] Received from server for token 2: 
[DEBUG] Received from server for token 2: 
[DEBUG] Received from server for token 2: 
[DEBUG] Received from server for token 2: 
[DEBUG] Received from server for token 2: 
[DEBUG] Received from server for token 2: 
[DEBUG] Received from server for token 2: 
[DEBUG] Received from server for token 2: 
[DEBUG] Received from server for token 2: 
[DEBUG] Received from server for token 2: 
[DEBUG] Received from server for token 2: 
[DEBUG] Received from server for token 2: 
[DEBUG] Received from server for token 2: 
[DEBUG] Received from server for token 2: 
[DEBUG] Received from server for token 2: 
[DEBUG] Received from server for token 2: 
[DEBUG] Received from server for token 2: 
[DEBUG] Received from server for token 2: 
[DEBUG] Received from server for token 2: 
[DEBUG] Received from server for token 2: 
[DEBUG] Received from server for token 2: 
[DEBUG] Received from server for token 2: 
[DEBUG] Received from server for token 2: 
[DEBUG] Received from server for token 2: 
[DEBUG] Received from server for token 2: 
[DEBUG] Received from server for token 2: 
[DEBUG] Received from server for token 2: 
[DEBUG] Received from server for token 2: 
[DEBUG] Received from server for token 2: 
[DEBUG] Received from server for token 2: 
[DEBUG] Received from server for token 2: 
[DEBUG] Received from server for token 2: 
[DEBUG] Received from server for token 2: 
[DEBUG] Received from server for token 2: 
[DEBUG] Received from server for token 2: 
[DEBUG] Received from server for token 2: 
[DEBUG] Received from server for token 2: 
[DEBUG] Received from server for token 2: 
[DEBUG] Received from server for token 2: 
[DEBUG] Received from server for token 2: 
[DEBUG] Received from server for token 2: 
[DEBUG] Received from server for token 2: 
[DEBUG] Received from server for token 2: 
[DEBUG] Received from server for token 2: 
[DEBUG] Received from server for token 2: 
[DEBUG] Received from server for token 2: 
[DEBUG] Received from server for token 2: 
[DEBUG] Received from server for token 2: 
[DEBUG] Received from server for token 2: 
[DEBUG] Received from server for token 2: 
[DEBUG] Received from server for token 2: 
[DEBUG] Received from server for token 2: 
[DEBUG] Received from server for token 2: 
[DEBUG] Received from server for token 2: 
[DEBUG] Received from server for token 2: 
[DEBUG] Received from server for token 2: 
[DEBUG] Received from server for token 2: 
[DEBUG] Received from server for token 2: 
[DEBUG] Received from server for token 2: 
[DEBUG] Received from server for token 2: 
[DEBUG] Received from server for token 2: 
[DEBUG] Received from server for token 2: 
[DEBUG] Received from server for token 2: 
[DEBUG] Received from server for token 2: 
[DEBUG] Received from server for token 2: 
[DEBUG] Received from server for token 2: 
[DEBUG] Received from server for token 2: 
[DEBUG] Received from server for token 2: 
[DEBUG] Received from server for token 2: 
[DEBUG] Received from server for token 2: 
[DEBUG] Received from server for token 2: 
[DEBUG] Received from server for token 2: 
[DEBUG] Received from server for token 2: 
[DEBUG] Received from server for token 2: 
[DEBUG] Received from server for token 2: 
[DEBUG] Received from server for token 2: 
[DEBUG] Received from server for token 2: 
[DEBUG] Received from server for token 2: 
[DEBUG] Received from server for token 2: 
[DEBUG] Received from server for token 2: 
[DEBUG] Received from server for token 2: 
[DEBUG] Received from server for token 2: 
[DEBUG] Received from server for token 2: 
[DEBUG] Received from server for token 2: 
[DEBUG] Received from server for token 2: 
[DEBUG] Received from server for token 2: 
[DEBUG] Received from server for token 2: 
[DEBUG] Received from server for token 2: 
[DEBUG] Received from server for token 2: 
[DEBUG] Received from server for token 2: 
[DEBUG] Received from server for token 2: 
[DEBUG] Received from server for token 2: 
[DEBUG] Received from server for token 2: 
[DEBUG] Received from server for token 2: 
[DEBUG] Received from server for token 2: 
[DEBUG] Received from server for token 2: 
[DEBUG] Received from server for token 2: 
[DEBUG] Received from server for token 2: 
[DEBUG] Received from server for token 2: 
[DEBUG] Received from server for token 2: 
[DEBUG] Received from server for token 2: 
[DEBUG] Received from server for token 2: 
[DEBUG] Received from server for token 2: 
[DEBUG] Received from server for token 2: 
[DEBUG] Received from server for token 2: 
[DEBUG] Received from server for token 2: 
[DEBUG] Received from server for token 2: 
[DEBUG] Received from server for token 2: 
[DEBUG] Received from server for token 2: 
[DEBUG] Received from server for token 2: 
[DEBUG] Received from server for token 2: 
[DEBUG] Received from server for token 2: 
[DEBUG] Received from server for token 2: 
[DEBUG] Received from server for token 2: 
[DEBUG] Received from server for token 2: 
[DEBUG] Received from server for token 2: 
[DEBUG] Received from server for token 2: 
[DEBUG] Received from server for token 2: 
[DEBUG] Received from server for token 2: 
[DEBUG] Received from server for token 2: 
[DEBUG] Received from server for token 2: 
[DEBUG] Received from server for token 2: 
[DEBUG] Received from server for token 2: 
[DEBUG] Received from server for token 2: 
[DEBUG] Received from server for token 2: 
[DEBUG] Received from server for token 2: 
[DEBUG] Received from server for token 2: 
[DEBUG] Received from server for token 2: 
[DEBUG] Received from server for token 2: 
[DEBUG] Received from server for token 2: 
[DEBUG] Received from server for token 2: 
[DEBUG] Received from server for token 2: 
[DEBUG] Received from server for token 2: 
[DEBUG] Received from server for token 2: 
[DEBUG] Received from server for token 2: 
[DEBUG] Received from server for token 2: 
[DEBUG] Received from server for token 2: 
[DEBUG] Received from server for token 2: 
[DEBUG] Received from server for token 2: 
[DEBUG] Received from server for token 2: 
[DEBUG] Received from server for token 2: 
[DEBUG] Received from server for token 2: 
[DEBUG] Received from server for token 2: 
[DEBUG] Received from server for token 2: 
[DEBUG] Received from server for token 2: 
[DEBUG] Received from server for token 2: 
[DEBUG] Received from server for token 2: 
[DEBUG] Received from server for token 2: 
[DEBUG] Received from server for token 2: 
[DEBUG] Received from server for token 2: 
[DEBUG] Received from server for token 2: 
[DEBUG] Received from server for token 2: 
[DEBUG] Received from server for token 2: 
[DEBUG] Received from server for token 2: 
[DEBUG] Received from server for token 2: 
[DEBUG] Received from server for token 2: 
[DEBUG] Received from server for token 2: 
[DEBUG] Received from server for token 2: 
[DEBUG] Received from server for token 2: 
[DEBUG] Received from server for token 2: 
[DEBUG] Received from server for token 2: 
[DEBUG] Received from server for token 2: 
[DEBUG] Received from server for token 2: 
[DEBUG] Received from server for token 2: 
[DEBUG] Received from server for token 2: 
[DEBUG] Received from server for token 2: 
[DEBUG] Received from server for token 2: 
[DEBUG] Received from server for token 2: 
[DEBUG] Received from server for token 2: 
[DEBUG] Received from server for token 2: 
[DEBUG] Received from server for token 2: 
[DEBUG] Received from server for token 2: 
[DEBUG] Received from server for token 2: 
[DEBUG] Received from server for token 2: 
[DEBUG] Received from server for token 2: 
[DEBUG] Received from server for token 2: 
[DEBUG] Received from server for token 2: 
[DEBUG] Received from server for token 2: 
[DEBUG] Received from server for token 2: 
[DEBUG] Received from server for token 2: 
[DEBUG] Received from server for token 2: 
[DEBUG] Received from server for token 2: 
[DEBUG] Received from server for token 2: 
[DEBUG] Received from server for token 2: 
[DEBUG] Received from server for token 2: 
[DEBUG] Received from server for token 2: 
[DEBUG] Received from server for token 2: 
[DEBUG] Received from server for token 2: 
[DEBUG] Received from server for token 2: 
[DEBUG] Received from server for token 2: 
[DEBUG] Received from server for token 2: 
[DEBUG] Received from server for token 2: 
[DEBUG] Received from server for token 2: 
[DEBUG] Received from server for token 2: 
[DEBUG] Received from server for token 2: 
[DEBUG] Received from server for token 2: 
[DEBUG] Received from server for token 2: 
[DEBUG] Received from server for token 2: 
[DEBUG] Received from server for token 2: 
[DEBUG] Received from server for token 2: 
[DEBUG] Received from server for token 2: 
[DEBUG] Received from server for token 2: 
[DEBUG] Received from server for token 2: 
[DEBUG] Received from server for token 2: 
[DEBUG] Received from server for token 2: 
[DEBUG] Received from server for token 2: 
[DEBUG] Received from server for token 2: 
[DEBUG] Received from server for token 2: 
[DEBUG] Received from server for token 2: 
[DEBUG] Received from server for token 2: 
[DEBUG] Received from server for token 2: 
[DEBUG] Received from server for token 2: 
[DEBUG] Received from server for token 2: 